=== AI VIVA API TEST SUITE ===

TEST 1: Fetch Subjects from Google Sheets
âo. PASS - Subjects API Working
   Found 3 subjects: Machine Learning, Python, DBMS

TEST 2: Fetch Topics for Python
âo. PASS - Topics API Working
   Found 1 topics: OOP

TEST 3: Fetch Questions for Python (No Topic Filter)
âo. PASS - Questions API Working
   Found 5 questions
   Sample: Can you explain the four fundamental principles of Object-Oriented Pro...

TEST 4: Fetch Questions for Python with Topic 'OOP'
âo. PASS - Topic Filtering Working
   Found 5 questions matching topic 'OOP'

TEST 5: Full Flow Test - Questions for All Subjects
   Machine Learning : 5 questions
   Python : 5 questions
   DBMS : 0 questions
âo. PASS - All subjects tested successfully

=== TEST SUMMARY ===
âo. Subjects API: Fetches from 'Subjects' sheet
âo. Topics API: Fetches from 'Topics' sheet
âo. Questions API: Fetches from 'Viva Questions' sheet
âo. Topic Filtering: Working correctly

dYZ_ System Status: OPERATIONAL

